[{"id":"a947dff3-1415-4ca6-8922-e35b3232bd78","name":"istio_1630011458547","last_run":"2021-08-27T02:27:41.155598Z","load_generators":["fortio"],"endpoints":["https://localhost:10000"],"service_mesh":"istio","qps":1,"duration":"30s","total_results":1,"updated_at":"2021-08-26T20:57:39.021917Z","created_at":"2021-08-26T20:57:31.049514Z"},{"id":"f331c784-aba0-4944-8d7d-ae264221bcbf","name":"istio_1630008594586","last_run":"2021-08-27T01:39:59.14584Z","load_generators":["fortio"],"endpoints":["https://localhost:10001"],"service_mesh":"istio","duration":"30s","total_results":1,"updated_at":"2021-08-26T20:09:55.820595Z","created_at":"2021-08-26T20:09:55.820585Z"},{"id":"0bc8f57c-38a5-415d-a994-87a3791a931e","name":"TEST 3","last_run":"2021-08-25T14:59:33.533Z","load_generators":["fortio"],"endpoints":["https://www.youtube.com/watch?v=-f16Qlg8v6Q\u0026ab_channel=StudyMD"],"service_mesh":"istio","duration":"30s","total_results":1,"updated_at":"2021-08-25T15:00:07.046381Z","created_at":"2021-08-25T14:59:31.958158Z"},{"id":"848853b6-0ed0-4819-9344-ef5c7b97191b","name":"istio-20con-30s-total","last_run":"2021-07-11T08:34:30.672818Z","load_generators":["fortio"],"endpoints":["http://10.99.253.159:9080/productpage"],"service_mesh":"istio","concurrent_request":20,"qps":100,"duration":"30s","total_results":5,"updated_at":"2021-07-11T08:16:09.397929Z","created_at":"2021-07-11T08:16:09.397918Z"},{"id":"53ff0dce-b097-4e10-9c61-ed192beb14b8","name":"istio-5con-30s-origin","last_run":"2021-07-11T03:51:04.992071Z","load_generators":["fortio"],"endpoints":["http://10.99.253.159:9080/productpage"],"service_mesh":"istio","concurrent_request":5,"qps":100,"duration":"30s","total_results":5,"updated_at":"2021-07-11T03:47:59.367811Z","created_at":"2021-07-11T03:47:59.367802Z"},{"id":"8bc7ad42-6118-490b-8774-d9200c783e3f","name":"google-test-fortio","last_run":"2021-07-09T21:24:27.41266Z","load_generators":["fortio"],"endpoints":["https://google.com"],"service_mesh":"None","concurrent_request":2,"qps":2,"duration":"30s","total_results":2,"updated_at":"2021-07-09T00:41:46.222128Z","created_at":"2021-07-09T00:41:46.222118Z"},{"id":"fd59c627-4afb-4b96-ab15-3d41892a681b","name":"istio-1con-60s-only-outpod","last_run":"2021-07-02T09:13:49.484612Z","load_generators":["fortio"],"endpoints":["http://10.99.253.159:9080/productpage"],"service_mesh":"istio","concurrent_request":1,"qps":50,"duration":"1m","total_results":10,"request_headers":"1","request_cookies":"1","request_body":"11","content_type":"1","updated_at":"2021-07-03T14:35:28.458941Z","created_at":"2021-07-01T10:07:16.705456Z"},{"id":"de8fa908-17b3-4f15-be58-217ef4a98306","name":"istio-1con-30s-total","last_run":"2021-07-11T08:06:34.956269Z","load_generators":["fortio"],"endpoints":["http://10.99.253.159:9080/productpage"],"service_mesh":"istio","concurrent_request":1,"qps":50,"duration":"30s","total_results":17,"updated_at":"2021-07-01T08:30:30.755706Z","created_at":"2021-07-01T08:30:30.755697Z"},{"id":"894b551b-9699-4670-b1cf-5d36092834d3","name":"istio-10con-30s-only-inpod","last_run":"2021-07-01T07:17:37.179257Z","load_generators":["fortio"],"endpoints":["http://10.99.253.159:9080/productpage"],"service_mesh":"istio","concurrent_request":10,"qps":100,"duration":"30s","total_results":10,"updated_at":"2021-07-01T06:30:23.044784Z","created_at":"2021-07-01T06:30:23.044774Z"},{"id":"e0ea0154-6ec7-4245-8cb2-b2f4cea6dde0","name":"istio-1con-15s-only-inpod","last_run":"2021-07-01T07:39:53.227657Z","load_generators":["fortio"],"endpoints":["http://10.99.253.159:9080/productpage"],"service_mesh":"istio","concurrent_request":1,"qps":50,"duration":"15s","total_results":10,"updated_at":"2021-07-01T06:30:01.825362Z","created_at":"2021-07-01T06:30:01.825352Z"},{"id":"dc0e3404-587c-46ac-9269-871c4f055f11","name":"istio-1con-60s-only-inpod","last_run":"2021-07-01T06:52:51.288774Z","load_generators":["fortio"],"endpoints":["http://10.99.253.159:9080/productpage"],"service_mesh":"istio","concurrent_request":1,"qps":50,"duration":"1m","total_results":10,"updated_at":"2021-07-01T06:29:40.336346Z","created_at":"2021-07-01T06:29:40.336336Z"},{"id":"6d948d2d-6a1e-48dc-97ae-53ad9326bf3a","name":"istio-1con-30s-only-inpod","last_run":"2021-07-01T07:03:26.429962Z","load_generators":["fortio"],"endpoints":["http://10.99.253.159:9080/productpage"],"service_mesh":"istio","concurrent_request":1,"qps":50,"duration":"30s","total_results":10,"updated_at":"2021-07-01T06:29:07.303612Z","created_at":"2021-07-01T06:29:07.303602Z"},{"id":"5d55f3c7-7b3d-4e15-94f2-09c407cd45e6","name":"istio-1con-15s-origin","last_run":"2021-07-10T03:27:05.798332Z","load_generators":["fortio"],"endpoints":["http://10.99.253.159:9080/productpage"],"service_mesh":"istio","concurrent_request":1,"qps":50,"duration":"15s","total_results":16,"updated_at":"2021-07-01T06:06:07.662827Z","created_at":"2021-07-01T05:18:20.08212Z"},{"id":"491f3636-6628-47a8-9231-0d402f24f687","name":"istio-10con-30s-origin","last_run":"2021-07-10T03:17:25.717552Z","load_generators":["fortio"],"endpoints":["http://10.99.253.159:9080/productpage"],"service_mesh":"istio","concurrent_request":10,"qps":100,"duration":"30s","total_results":12,"updated_at":"2021-07-01T05:18:54.771607Z","created_at":"2021-07-01T05:18:54.771597Z"},{"id":"15d2d56d-e211-4f8d-9a99-090610b66125","name":"istio-1con-60s-origin","last_run":"2021-07-01T05:46:49.318892Z","load_generators":["fortio"],"endpoints":["http://10.99.253.159:9080/productpage"],"service_mesh":"istio","concurrent_request":1,"qps":50,"duration":"1m","total_results":10,"updated_at":"2021-07-01T05:18:35.086817Z","created_at":"2021-07-01T05:18:35.086808Z"},{"id":"3d3a78ad-bf5e-4d3b-b4d6-0c33048ff4f0","name":"istio-1con-30s-origin","last_run":"2021-07-11T02:14:20.335306Z","load_generators":["fortio"],"endpoints":["http://10.99.253.159:9080/productpage"],"service_mesh":"istio","concurrent_request":1,"qps":50,"duration":"30s","total_results":19,"updated_at":"2021-07-01T05:17:56.663188Z","created_at":"2021-07-01T05:17:56.663179Z"},{"id":"47c0f83b-ee85-460a-b0be-1ed283e9dde5","name":"bob perf","last_run":"2021-06-26T06:24:17.212953Z","load_generators":["fortio"],"endpoints":["https://bob.com"],"service_mesh":"None","concurrent_request":1,"duration":"30s","total_results":1,"updated_at":"2021-06-26T06:24:09.790957Z","created_at":"2021-06-26T06:24:09.790947Z"},{"id":"9d7f7b7c-bf2b-4e5f-9322-a5bf6f16f657","name":"bobnew","last_run":"2021-06-26T06:23:22.748054Z","load_generators":["fortio"],"endpoints":["https://bob.com"],"service_mesh":"None","concurrent_request":1,"duration":"30s","total_results":1,"updated_at":"2021-06-26T06:23:18.698292Z","created_at":"2021-06-26T06:23:18.698283Z"},{"id":"597edd67-c865-414e-bf77-1e016fb2e22b","name":"ih-test","last_run":"2021-06-23T18:38:28.356221Z","load_generators":["fortio"],"endpoints":["http://imagehub.meshery.io:31004/pull"],"service_mesh":"istio","qps":1,"duration":"3s","total_results":2,"request_headers":"{\"Authorization\":\"eyJwbGFuIjoiRW50ZXJwcmlzZSIsInVzZXJuYW1lIjoidGVzdCJ9\"}","content_type":"application/json, text/plain, */*","updated_at":"2021-06-23T13:07:52.404825Z","created_at":"2021-06-19T13:40:37.79544Z"},{"id":"e39bdaea-121e-4e18-840b-7e79e31d075b","name":"consul_1624390216402","last_run":"2021-06-22T19:36:32.885528Z","load_generators":["nighthawk"],"endpoints":["https://www.google.com"],"service_mesh":"consul","concurrent_request":2,"qps":2,"duration":"30s","total_results":11,"updated_at":"2021-06-22T19:30:16.632645Z","created_at":"2021-06-22T19:30:16.632636Z"},{"id":"60b89a6e-9925-4899-b018-eaeadd4d2e41","name":"No mesh_1624390049426","last_run":"2021-06-22T19:27:29.725008Z","load_generators":["wrk2"],"endpoints":["https://www.google.com"],"duration":"15s","total_results":1,"updated_at":"2021-06-22T19:27:29.630783Z","created_at":"2021-06-22T19:27:29.630775Z"},{"id":"4c925b66-ea1d-4f67-9752-a47b16395250","name":"No mesh_1624390029119","last_run":"2021-06-22T19:27:09.693085Z","load_generators":["fortio"],"endpoints":["https://www.google.com"],"duration":"30s","total_results":1,"updated_at":"2021-06-22T19:27:09.332389Z","created_at":"2021-06-22T19:27:09.332379Z"},{"id":"18358dfc-a009-4c76-9ab9-dfef33224b3b","name":"Nighthawk with content-type","last_run":"2021-06-22T19:25:32Z","load_generators":["nighthawk"],"endpoints":["https://www.google.com"],"service_mesh":"app mesh","concurrent_request":10,"duration":"30s","total_results":45,"content_type":"application/json","updated_at":"2021-06-22T19:25:08.812145Z","created_at":"2021-06-15T19:39:58.365243Z"},{"id":"46a84959-24cf-486f-b609-1494f0767cda","name":"Istio Perf Test","last_run":"2021-06-14T15:53:14.699478Z","load_generators":["fortio"],"endpoints":["http://127.0.0.1:44273/productpage"],"service_mesh":"istio","duration":"15s","total_results":2,"updated_at":"2021-06-14T15:51:43.495899Z","created_at":"2021-06-14T15:51:43.495889Z"},{"id":"c0458578-2e96-43f8-89b7-1ede797021f2","name":"Test-dap","last_run":"2021-06-15T19:41:34.848813Z","load_generators":["fortio"],"endpoints":["https://google.com"],"service_mesh":"None","concurrent_request":1,"qps":1,"duration":"15s","total_results":4,"updated_at":"2021-06-09T13:11:21.875889Z","created_at":"2021-06-09T13:11:21.875879Z"}]
