Response Status Code 500, possible Server Error.
See https://docs.meshery.io/reference/mesheryctl/perf/profile for usage details
