application does not exit. Please get an app name and try again. Use `mesheryctl app list` to see a list of applications