âœ” Meshery
Initiating login...
Opening in existing browser session.
successfully authenticated
