{
    "name": "workspace-test",
    "description": "workspace command test",
    "organization_id": "2d2c0b60-076a-4f0a-8a63-de538570a553"
}