Current context: local

Available contexts:

- local
- local2
