
Current Context: local

endpoint: http://localhost:9081
token: Default
token-location: auth.json
platform: kubernetes
components:
- meshery-istio
channel: stable
version: latest

