[{"Name":"testevent1","ID":"test1\n","Data":{"details":"Result-Id: ce336fe4-6e01-4779-949b-6526e44e3d55","operation_id":"b33e2b2d-4826-4ea7-8c41-f8f76e8e4bf7","summary":"Smi conformance test completed successfully"}}]