Please provide a model name. Usage: mesheryctl model search [query-text]
Run 'mesheryctl model search --help' to see detailed help message