No model(s) found for the given name notfound-model 