https://raw.githubusercontent.com/yash37158/SamplePattern/main/samplepatternwithservicemesh.golden

remote hosted pattern request success
pattern successfully applied
successfully deployed application myapp
