pattern file converted to pattern file
pattern successfully offboarded
successfully deleted application myapp
