NAME                  	MESH    	QPS 	DURATION	P50        	P99.9      	START-TIME          
istio_1630091576784   	istio   	0   	30s     	0.11200000 	0.16399928 	2021-08-27 19:12:58	
istio_1630011460550   	istio   	0   	30s     	0.00075031 	0.01175405 	2021-08-27 02:27:41	
istio_1630008597557   	istio   	3136	30s     	0.00055484 	0.00827795 	2021-08-27 01:39:59	
istio_1629986124516   	istio   	3437	30s     	0.00055159 	0.00580281 	2021-08-26 19:26:25	
istio_1629986124516   	istio   	3206	30s     	0.00055184 	0.00756275 	2021-08-26 19:25:25	
octarine_1629905150548	octarine	2   	15s     	0.43750000 	0.86486178 	2021-08-25 15:25:51	
kuma_1629905088843    	kuma    	16  	20s     	15.90067100	19.92294300	2021-08-25 15:24:49	
istio_1629903571922   	istio   	1   	30s     	0.40555556 	3.00119384 	2021-08-25 14:59:33	
linkerd_1629903535068 	linkerd 	2   	10s     	0.42916667 	0.68109933 	2021-08-25 14:58:56	
consul_1629903480840  	consul  	35  	30s     	0.02141960 	1.92800000 	2021-08-25 14:58:01	
consul_1629903024533  	consul  	35  	30s     	0.02248840 	1.94900000 	2021-08-25 14:50:25	
istio_1629902923911   	istio   	29  	30s     	0.03106734 	0.25260920 	2021-08-25 14:48:45	
No mesh_1629812585899 	No Mesh 	0   	5s      	0.09250000 	0.10214840 	2021-08-24 21:43:05	
No mesh_1629812560411 	No Mesh 	0   	5s      	0.13500000 	1.39575628 	2021-08-24 21:42:40	
No mesh_1629785430145 	No Mesh 	0   	5s      	2.19691819 	2.78649125 	2021-08-24 11:40:32	
No mesh_1629699211991 	No Mesh 	0   	5s      	0.33750000 	0.52411960 	2021-08-23 14:15:48	
No mesh_1629699211991 	No Mesh 	0   	5s      	0.28750000 	0.50936046 	2021-08-23 14:15:35	
No mesh_1629699211991 	No Mesh 	0   	5s      	0.27500000 	0.51726226 	2021-08-23 14:15:21	
No mesh_1629699211991 	No Mesh 	0   	5s      	0.29629210 	0.53304395 	2021-08-23 14:14:57	
No mesh_1629699211991 	No Mesh 	0   	5s      	0.28750000 	0.48963005 	2021-08-23 14:13:32	
No mesh_1629698942959 	No Mesh 	0   	5s      	0.37500000 	0.50520077 	2021-08-23 14:13:21	
No mesh_1629698942959 	No Mesh 	0   	5s      	0.33750000 	0.49744419 	2021-08-23 14:13:13	
No mesh_1629698942959 	No Mesh 	0   	5s      	0.26250000 	0.36442740 	2021-08-23 14:12:58	
No mesh_1629698942959 	No Mesh 	0   	5s      	0.32500000 	1.18172411 	2021-08-23 14:09:03	
No mesh_1629698569178 	No Mesh 	0   	5s      	0.27500000 	0.30655188 	2021-08-23 14:04:44	
