output-format choice invalid, use [json|yaml].
See https://docs.meshery.io/reference/mesheryctl/perf/result for usage details
