design successfully applied
successfully deployed application meshapp
