  [1mDESIGN ID[0m  [1mUSER ID[0m  [1mNAME   [0m  [1mCREATED [0m  [1mUPDATED [0m  
  76430bfa   null     IstioSM  8-1-2021  8-1-2021  
