data: {"status":"info","message":"Initiating load test . . . "}

data: {"status":"info","message":"Load test completed, fetching metadata now"}

data: {"status":"info","message":"Obtained the needed metadatas, attempting to persist the result"}

data: {"status":"info","message":"Done persisting the load test results."}

data: {"status":"success","result":{"meshery_id":"ac820bc0-f3f2-4287-b79c-8907ae7cbd54","name":"No mesh_1624871121204","test_id":"","runner_results":{"AbortOn":0,"ActualDuration":30275536450,"ActualQPS":5.4829746873073155,"DurationHistogram":{"Avg":0.18238182559036153,"Count":166,"Data":[{"Count":8,"End":0.14,"Percent":4.819277108433735,"Start":0.13455004},{"Count":59,"End":0.16,"Percent":40.36144578313253,"Start":0.14},{"Count":25,"End":0.18,"Percent":55.42168674698795,"Start":0.16},{"Count":5,"End":0.2,"Percent":58.433734939759034,"Start":0.18},{"Count":59,"End":0.25,"Percent":93.97590361445783,"Start":0.2},{"Count":5,"End":0.3,"Percent":96.98795180722891,"Start":0.25},{"Count":5,"End":0.344639143,"Percent":100,"Start":0.3}],"Max":0.344639143,"Min":0.13455004,"Percentiles":[{"Percentile":50,"Value":0.1728},{"Percentile":75,"Value":0.22330508474576272},{"Percentile":90,"Value":0.24440677966101695},{"Percentile":99,"Value":0.329818947524},{"Percentile":99.9,"Value":0.34315712345240007}],"StdDev":0.03979041005138688,"Sum":30.275383048000016},"Exactly":0,"HeaderSizes":{"Avg":0,"Count":166,"Data":[{"Count":166,"End":0,"Percent":100,"Start":0}],"Max":0,"Min":0,"Percentiles":null,"StdDev":0,"Sum":0},"Jitter":false,"Labels":"No mesh_1624871121204 -_- https://www.google.com","NumThreads":1,"RequestedDuration":"30s","RequestedQPS":"max","RetCodes":{"200":166},"RunType":"HTTP","Sizes":{"Avg":15245.427710843374,"Count":166,"Data":[{"Count":164,"End":16000,"Percent":98.79518072289157,"Start":15164},{"Count":2,"End":16077,"Percent":100,"Start":16000}],"Max":16077,"Min":15164,"Percentiles":null,"StdDev":111.54805092804021,"Sum":2530741},"SocketCount":0,"StartTime":"2021-06-28T09:07:24.651587645Z","URL":"https://www.google.com","Version":"dev","load-generator":"fortio"},"-":{}}}

