{
  "page": 0,
  "page_size": 10,
  "total_count": 0,
  "profiles": []
}