{"meshery-provider":"Meshery","token":"eyJhY2Nlc3NfdG9rZW4iOiJleUpoYkdjaU9pSlNVekkxTmlJc0ltdHBaQ0k2SW5CMVlteHBZenBsT0dWbU5ERmpNeTFpWldWbUxUUmlZakV0T0dVNE1DMHpOakExTVRZeU4yTTJNakVpTENKMGVYQWlPaUpLVjFRaWZRLmV5SmhkV1FpT2x0ZExDSmpiR2xsYm5SZmFXUWlPaUp0WlhOb1pYSjVMV05zYjNWa0lpd2laWGh3SWpveE5qSXlPREk1TlRRMExDSmxlSFFpT250OUxDSnBZWFFpT2pFMk1qSTRNalU1TkRNc0ltbHpjeUk2SW1oMGRIQnpPaTh2YldWemFHVnllUzVzWVhsbGNqVXVhVzh2YUhsa2NtRXZJaXdpYW5ScElqb2lPRGMxT0RGbVpXSXROMlZpTnkwMFlqSTFMV0l3TURndE9XWTJaVEE0WXpabFkyVTJJaXdpYm1KbUlqb3hOakl5T0RJMU9UUXpMQ0p6WTNBaU9sc2liM0JsYm1sa0lpd2liMlptYkdsdVpTSmRMQ0p6ZFdJaU9pSmpSMncxWkZoT2IyTXliSFZhTWtaNVlWaHNhRHBhTW13d1lVaFdhU0o5Lk90aDJwYkJFNmFBcnBfUFVwR3E3b2ZsaEVWYmdsdTAtamdXNG44eWxHeVVTandOc0k4SmdoallIVGU5YjlUSzhWQUhoNVRyT0YwV1VRb0h4QVJGUmN6OHl2ZEdpbm1HcUZEZTd6RVpoSjZHZmNlZFl6bmpCc3FvVWthMTNXYzhvM0J2bGR2T2gtTjFGNzdHM3ZLenI0UEJaM2pXRHVEeWpjSUJnOTJVUzd0Nlg5Ymd6YklrT3lOOVhpWGVVNXQtbEJIamt2cklRazhqdWRKaTliOHVGaVBuMmdIMDVJbnhUdFJtSlFJdUhvSzV2WmxFQW0xN1J6ZER4WVI0cndqeTBqanFWdXdvWnBjbUJQM1dUNjdIVHhkYmo5N3hZM2IzNHh5ZFkxeVFVS09XR1NOckZVeXhMbW9QMmJUM24tQ0dVczJ1SWhnZExXNlZlNVQ1LV9tSGY0Z212X0NGWlFNelRsbjRFVmw2bTUxdjFxNXJzQmdfWmFuVmtXdGNHWF9ZSGs3WHpKdndXRDhvSmt5NzBleGUwYXJ3cmg2bjJkLU9jMi1Jc1F2OTBFM1hYeHBJcWxrckNfU3NiM1NpOU1jM1ptal9HY2JtOHVHbUZEejhaZEYxUEdpeDdKTjM3TzJyQnpaVldRaHFrZTV6MW42VUVITXJGSGJBNXBKVkxzUmE0ZUNBaFdwODVlZVV3ZjlUMnByc3FzNHBaMkh0eVpSMlBTdGFLZVFFai1SUXdvRHpDTEN4Zm85RnBvbEN6WmN3ZzRvLXhrb0Q0aS1MczIzODd0dm5xSTVESl8xaUlMX1hNTHByZXJtcDdxeGV2NEVDOW9abzdWenZmTDd4cDZTcnhIaldZQVpuZS12eURjQlhNZUlSMVVoeVdVZDQtaWJfZmxzdFVEME5XVV9ZIiwidG9rZW5fdHlwZSI6ImJlYXJlciIsInJlZnJlc2hfdG9rZW4iOiJXS3pZWW5BQkVJQkduekNfaWR2VW1IZUtsZlgzLWxjWm12TzBxY2ZCNlRzLm5kNXhXUFFIeWVTcTY0OUV2dy1tX2t3WDdqYWF1RDZiSExXTW9fQVhxZVUiLCJleHBpcnkiOiIyMDIxLTA2LTA0VDE3OjU5OjAzLjg0ODAyODAwOVoifQ"}