{
  "id": "25b9a794-388b-9a54-553b-3591cdbb6cb5",
  "name": "kubernetes-synapse-4",
  "user_id": "840232a6-f96b-42c3-91a4-f6acc8a5bd36",
  "type": "kubernetes",
  "secret": {
    "auth": {
      "name": "in-cluster",
      "user": {
        "token": "eyJhbGciOiJSUzI1NiIsImtpZCI6IkZLWlpXdnhlOFpOWFl4UXgwc2VBNTdBb0RsUjh6MEZZUWR5c1ZyZUpKNFEifQ.eyJhdWQiOlsiaHR0cHM6Ly9rdWJlcm5ldGVzLmRlZmF1bHQuc3ZjLmNsdXN0ZXIubG9jYWwiXSwiZXhwIjoxNzQ0NDUzMzcyLCJpYXQiOjE3MTI5MTczNzIsImlzcyI6Imh0dHBzOi8va3ViZXJuZXRlcy5kZWZhdWx0LnN2Yy5jbHVzdGVyLmxvY2FsIiwia3ViZXJuZXRlcy5pbyI6eyJuYW1lc3BhY2UiOiJtZXNoZXJ5IiwicG9kIjp7Im5hbWUiOiJtZXNoZXJ5LTU2ODQ1Y2ZkNTQtemY0c3QiLCJ1aWQiOiJhZjU5NDIwNS1iMTU2LTQ3ZDAtOGQ3My02NTYzZTk5YTI2ODMifSwic2VydmljZWFjY291bnQiOnsibmFtZSI6Im1lc2hlcnktc2VydmVyIiwidWlkIjoiYjY2ZDQzMTktNTRhZC00ZmYzLWJjZWQtM2VkZDA1YTE2YjM1In0sIndhcm5hZnRlciI6MTcxMjkyMDk3OX0sIm5iZiI6MTcxMjkxNzM3Miwic3ViIjoic3lzdGVtOnNlcnZpY2VhY2NvdW50Om1lc2hlcnk6bWVzaGVyeS1zZXJ2ZXIifQ.SimNiThoZXYQEn9z0vgn8PCmgBuGLfn6cluMgzjG_QmJXo65aoqsg_CdYI7IybF8ngJceOJA95F0iDXtZUqL18M_xLDCJl1tpsfjfkfpwOdxrdH-rLpR3NNr_aIDzFRDxb0_RnP1bKUtF0a98RERUsDTk8znZwfrzjwo-JgpRjoEG2tnwV62Cjz1tLVbJExGEVAoTcXCMgcn_2nOK2vd5iguJUSlkoDGtyV76OgSkHthJomJcCkBCGxDYmGy6Lq1JOFb9hdt74rf1Ry7jm_2ABCjnZV0A19gr3FZuiFsBzhmo-DMaR-02boTmOpmskTIph7tCZ5cwRnDRaRV6poqwg"
      }
    },
    "cluster": {
      "cluster": {
        "certificate-authority-data": "LS0tLS1CRUdJTiBDRVJUSUZJQ0FURS0tLS0tCk1JSURCakNDQWU2Z0F3SUJBZ0lCQVRBTkJna3Foa2lHOXcwQkFRc0ZBREFWTVJNd0VRWURWUVFERXdwdGFXNXAKYTNWaVpVTkJNQjRYRFRJME1ETXlOREUyTURZeU9Gb1hEVE0wTURNeU16RTJNRFl5T0Zvd0ZURVRNQkVHQTFVRQpBeE1LYldsdWFXdDFZbVZEUVRDQ0FTSXdEUVlKS29aSWh2Y05BUUVCQlFBRGdnRVBBRENDQVFvQ2dnRUJBSzlJCnhSR0lYOWVna0tTV1lKallCT1kveWtDbk5xamdNM2RHSGFWTXo5TEdqMlI2ZjdPcWJibEFDdHdZeEVHTHEwbG0KaklCWVNnNTZTR2g5VEFsSnlaNHRQZHdIaDJSUWdiNTBINTBHSXRlNmF0MnlCRFBWOGFKOURyRnVsS0hzWkEvSwpyY2ZyajB1ZStaU0dzTWtLSlZNeFBIWms2MlE0QlRWbjBoK0c1dm9WTkhKVDVubHFQM1Jmb3hEOU9McE9rbUxSCmVjUzhCNVpHaEtSYW93ZGxtSkVmV2N2b1IrNzRkMmZYREhjQWUwSjhHbklmQjVrTnBKZmVJM0JZdnIwQUdOTk8KTFhLanpHdnk5U24vT1B6Q1VTcFhLeXZiVGdTVzBtV2d0MVNOL1JrT055NmdGN0JXSG1qVmpRdmQ3VXpuVVd2UgpuMzZnNzZkb2ZjNGEzb3NPOHIwQ0F3RUFBYU5oTUY4d0RnWURWUjBQQVFIL0JBUURBZ0trTUIwR0ExVWRKUVFXCk1CUUdDQ3NHQVFVRkJ3TUNCZ2dyQmdFRkJRY0RBVEFQQmdOVkhSTUJBZjhFQlRBREFRSC9NQjBHQTFVZERnUVcKQkJTSmtLNU56aHQrQ2dQMnFUNWZrL1BLUVFFL3ZEQU5CZ2txaGtpRzl3MEJBUXNGQUFPQ0FRRUFxOWl4Q2t4cQpqamFWWWdndU1NK2JBeDJKMElQWkF5ZXY5bzR0d1BrckhKdzZDVVRaYks5S05vbUpLMzZqdlZPbXlCaE9vQUFhCjRxQmF4WFhtaHhpbWZlKzk1RkVpQkcwQjJyN0k0bmNsQ0g3eHRUcTZ0ejdaOTgrWmxBQVozVTdLRkNudWJBTHYKR2hZWC9mQmx2VG1pQXFWeks0UTVpNjMxMVlLOGlRVW9CVjNjeHBrbEh6U1JYVmlxaG9qL1UxUWdCaUtHdkVPaApUemozR0x4cEN2QmxLQVRGdTRDNHg5RGhTV0pZdXFPdXpteld4SklNb0JackdZeXdEeHhDejlHZXJWclNoSzFnCjE4TzBCd3FyankzY3dPa1lmRlpMalZzdWpFWDZMMVlHTXNadVBZNVBOY1NTQ1Vic1VFOWhjNURacERXU0hUUmgKZ1lIZFJRODZUbXpVY0E9PQotLS0tLUVORCBDRVJUSUZJQ0FURS0tLS0tCg==",
        "server": "https://10.96.0.1:443"
      },
      "name": "in-cluster"
    }
  },
  "created_at": "2024-04-12T10:24:45.706518Z",
  "updated_at": "2024-04-12T10:24:45.706528Z",
  "deleted_at": {
    "Time": "0001-01-01T00:00:00Z",
    "Valid": false
  }
}