Get "http://localhost:9081/api/filter?page_size=10000": no responder found
