Error: Could not delete token "default2" from config: Unsupported Config Type ""
