could not find path: install/deployment_yamls/k8s in the manifest tree