
Current Context: local2

endpoint: http://localhost:32242
token: Default2
token-location: auth.json
platform: docker
adapters:
- meshery-istio
channel: stable
version: latest

