Please provide a --orgId, --name, and --description flag